=== Line 14: SynError 268
=== Line 15: SynError 268
=== Line 16: SynError 268
